<html>
<body>
<pre>
<h1>µVision Build Log</h1>
<h2>Project:</h2>
C:\Users\Abdelrahman Al-Wali\Desktop\Project1\Lab4.uvproj
Project File Date:  03/17/2019

<h2>Output:</h2>
Rebuild target 'Project1'
compiling main.c...
APP.h(7): warning:  #1-D: last line of file ends without a newline
  #endif
main.c(13): warning:  #111-D: statement is unreachable
                return 0;
main.c: 2 warnings, 0 errors
assembling startup.s...
compiling CounterTO999.c...
..\Project1\STD_TYPES.h(8): warning:  #1-D: last line of file ends without a newline
  #endif /* STD_TYPES_H_ */
..\Project1\APP.h(7): warning:  #1-D: last line of file ends without a newline
  #endif
..\Project1\DIO.h(46): warning:  #1-D: last line of file ends without a newline
  #endif /* DIO_INT_H_ */
..\Project1\LCD.h(7): warning:  #1295-D: Deprecated declaration LCD_Init - give arg types
  void LCD_Init();
..\Project1\LCD.h(13): warning:  #1-D: last line of file ends without a newline
  #endif
..\Project1\Delay.h(11): warning:  #1-D: last line of file ends without a newline
  #endif
..\Project1\CounterTO999.c(89): warning:  #1-D: last line of file ends without a newline
  }
..\Project1\CounterTO999.c: 7 warnings, 0 errors
compiling Delay.c...
..\Project1\STD_TYPES.h(8): warning:  #1-D: last line of file ends without a newline
  #endif /* STD_TYPES_H_ */
..\Project1\Delay.h(11): warning:  #1-D: last line of file ends without a newline
  #endif
..\Project1\Delay.c(24): warning:  #1-D: last line of file ends without a newline
  }
..\Project1\Delay.c: 3 warnings, 0 errors
compiling DIO.c...
..\Project1\STD_TYPES.h(8): warning:  #1-D: last line of file ends without a newline
  #endif /* STD_TYPES_H_ */
..\Project1\DIO.h(46): warning:  #1-D: last line of file ends without a newline
  #endif /* DIO_INT_H_ */
..\Project1\DIO_Reg.h(7): warning:  #47-D: incompatible redefinition of macro "SYSCTL_RCGCGPIO_R" (declared at line 2109 of "..\Project1\tm4c123gh6pm.h")
  #define SYSCTL_RCGCGPIO_R       (*((volatile uint32_t *)0x400FE608))
..\Project1\DIO_Reg.h(8): warning:  #47-D: incompatible redefinition of macro "SYSCTL_PRGPIO_R" (declared at line 2157 of "..\Project1\tm4c123gh6pm.h")
  #define SYSCTL_PRGPIO_R         (*((volatile uint32_t *)0x400FEA08))
..\Project1\DIO_Reg.h(17): warning:  #47-D: incompatible redefinition of macro "GPIO_PORTA_DATA_R" (declared at line 162 of "..\Project1\tm4c123gh6pm.h")
  #define GPIO_PORTA_DATA_R       (*((volatile uint32_t *)0x400043FC))
..\Project1\DIO_Reg.h(18): warning:  #47-D: incompatible redefinition of macro "GPIO_PORTA_DIR_R" (declared at line 163 of "..\Project1\tm4c123gh6pm.h")
  #define GPIO_PORTA_DIR_R        (*((volatile uint32_t *)0x40004400))
..\Project1\DIO_Reg.h(19): warning:  #47-D: incompatible redefinition of macro "GPIO_PORTA_AFSEL_R" (declared at line 171 of "..\Project1\tm4c123gh6pm.h")
  #define GPIO_PORTA_AFSEL_R      (*((volatile uint32_t *)0x40004420))
..\Project1\DIO_Reg.h(20): warning:  #47-D: incompatible redefinition of macro "GPIO_PORTA_DEN_R" (declared at line 179 of "..\Project1\tm4c123gh6pm.h")
  #define GPIO_PORTA_DEN_R        (*((volatile uint32_t *)0x4000451C))
..\Project1\DIO_Reg.h(21): warning:  #47-D: incompatible redefinition of macro "GPIO_PORTA_PUR_R" (declared at line 176 of "..\Project1\tm4c123gh6pm.h")
  #define GPIO_PORTA_PUR_R        (*((volatile uint32_t *)0x40004510))
..\Project1\DIO_Reg.h(22): warning:  #47-D: incompatible redefinition of macro "GPIO_PORTA_PDR_R" (declared at line 177 of "..\Project1\tm4c123gh6pm.h")
  #define GPIO_PORTA_PDR_R        (*((volatile uint32_t *)0x40004514))
..\Project1\DIO_Reg.h(23): warning:  #47-D: incompatible redefinition of macro "GPIO_PORTA_LOCK_R" (declared at line 180 of "..\Project1\tm4c123gh6pm.h")
  #define GPIO_PORTA_LOCK_R       (*((volatile uint32_t *)0x40004520))
..\Project1\DIO_Reg.h(24): warning:  #47-D: incompatible redefinition of macro "GPIO_PORTA_CR_R" (declared at line 181 of "..\Project1\tm4c123gh6pm.h")
  #define GPIO_PORTA_CR_R         (*((volatile uint32_t *)0x40004524))
..\Project1\DIO_Reg.h(25): warning:  #47-D: incompatible redefinition of macro "GPIO_PORTA_AMSEL_R" (declared at line 182 of "..\Project1\tm4c123gh6pm.h")
  #define GPIO_PORTA_AMSEL_R      (*((volatile uint32_t *)0x40004528))
..\Project1\DIO_Reg.h(26): warning:  #47-D: incompatible redefinition of macro "GPIO_PORTA_PCTL_R" (declared at line 183 of "..\Project1\tm4c123gh6pm.h")
  #define GPIO_PORTA_PCTL_R       (*((volatile uint32_t *)0x4000452C))
..\Project1\DIO_Reg.h(33): warning:  #47-D: incompatible redefinition of macro "GPIO_PORTB_DATA_R" (declared at line 193 of "..\Project1\tm4c123gh6pm.h")
  #define GPIO_PORTB_DATA_R       (*((volatile uint32_t *)0x400053FC))
..\Project1\DIO_Reg.h(34): warning:  #47-D: incompatible redefinition of macro "GPIO_PORTB_DIR_R" (declared at line 194 of "..\Project1\tm4c123gh6pm.h")
  #define GPIO_PORTB_DIR_R        (*((volatile uint32_t *)0x40005400))
..\Project1\DIO_Reg.h(35): warning:  #47-D: incompatible redefinition of macro "GPIO_PORTB_AFSEL_R" (declared at line 202 of "..\Project1\tm4c123gh6pm.h")
  #define GPIO_PORTB_AFSEL_R      (*((volatile uint32_t *)0x40005420))
..\Project1\DIO_Reg.h(36): warning:  #47-D: incompatible redefinition of macro "GPIO_PORTB_DEN_R" (declared at line 210 of "..\Project1\tm4c123gh6pm.h")
  #define GPIO_PORTB_DEN_R        (*((volatile uint32_t *)0x4000551C))
..\Project1\DIO_Reg.h(37): warning:  #47-D: incompatible redefinition of macro "GPIO_PORTB_PUR_R" (declared at line 207 of "..\Project1\tm4c123gh6pm.h")
  #define GPIO_PORTB_PUR_R        (*((volatile uint32_t *)0x40005510))
..\Project1\DIO_Reg.h(38): warning:  #47-D: incompatible redefinition of macro "GPIO_PORTB_PDR_R" (declared at line 208 of "..\Project1\tm4c123gh6pm.h")
  #define GPIO_PORTB_PDR_R        (*((volatile uint32_t *)0x40005514))
..\Project1\DIO_Reg.h(39): warning:  #47-D: incompatible redefinition of macro "GPIO_PORTB_LOCK_R" (declared at line 211 of "..\Project1\tm4c123gh6pm.h")
  #define GPIO_PORTB_LOCK_R       (*((volatile uint32_t *)0x40005520))
..\Project1\DIO_Reg.h(40): warning:  #47-D: incompatible redefinition of macro "GPIO_PORTB_CR_R" (declared at line 212 of "..\Project1\tm4c123gh6pm.h")
  #define GPIO_PORTB_CR_R         (*((volatile uint32_t *)0x40005524))
..\Project1\DIO_Reg.h(41): warning:  #47-D: incompatible redefinition of macro "GPIO_PORTB_AMSEL_R" (declared at line 213 of "..\Project1\tm4c123gh6pm.h")
  #define GPIO_PORTB_AMSEL_R      (*((volatile uint32_t *)0x40005528))
..\Project1\DIO_Reg.h(42): warning:  #47-D: incompatible redefinition of macro "GPIO_PORTB_PCTL_R" (declared at line 214 of "..\Project1\tm4c123gh6pm.h")
  #define GPIO_PORTB_PCTL_R       (*((volatile uint32_t *)0x4000552C))
..\Project1\DIO_Reg.h(49): warning:  #47-D: incompatible redefinition of macro "GPIO_PORTC_DATA_R" (declared at line 224 of "..\Project1\tm4c123gh6pm.h")
  #define GPIO_PORTC_DATA_R       (*((volatile uint32_t *)0x400063FC))
..\Project1\DIO_Reg.h(50): warning:  #47-D: incompatible redefinition of macro "GPIO_PORTC_DIR_R" (declared at line 225 of "..\Project1\tm4c123gh6pm.h")
  #define GPIO_PORTC_DIR_R        (*((volatile uint32_t *)0x40006400))
..\Project1\DIO_Reg.h(51): warning:  #47-D: incompatible redefinition of macro "GPIO_PORTC_AFSEL_R" (declared at line 233 of "..\Project1\tm4c123gh6pm.h")
  #define GPIO_PORTC_AFSEL_R      (*((volatile uint32_t *)0x40006420))
..\Project1\DIO_Reg.h(52): warning:  #47-D: incompatible redefinition of macro "GPIO_PORTC_DEN_R" (declared at line 241 of "..\Project1\tm4c123gh6pm.h")
  #define GPIO_PORTC_DEN_R        (*((volatile uint32_t *)0x4000651C))
..\Project1\DIO_Reg.h(53): warning:  #47-D: incompatible redefinition of macro "GPIO_PORTC_LOCK_R" (declared at line 242 of "..\Project1\tm4c123gh6pm.h")
  #define GPIO_PORTC_LOCK_R       (*((volatile uint32_t *)0x40006520))
..\Project1\DIO_Reg.h(54): warning:  #47-D: incompatible redefinition of macro "GPIO_PORTC_PUR_R" (declared at line 238 of "..\Project1\tm4c123gh6pm.h")
  #define GPIO_PORTC_PUR_R        (*((volatile uint32_t *)0x40006510))
..\Project1\DIO_Reg.h(55): warning:  #47-D: incompatible redefinition of macro "GPIO_PORTC_PDR_R" (declared at line 239 of "..\Project1\tm4c123gh6pm.h")
  #define GPIO_PORTC_PDR_R        (*((volatile uint32_t *)0x40006514))
..\Project1\DIO_Reg.h(56): warning:  #47-D: incompatible redefinition of macro "GPIO_PORTC_CR_R" (declared at line 243 of "..\Project1\tm4c123gh6pm.h")
  #define GPIO_PORTC_CR_R         (*((volatile uint32_t *)0x40006524))
..\Project1\DIO_Reg.h(57): warning:  #47-D: incompatible redefinition of macro "GPIO_PORTC_AMSEL_R" (declared at line 244 of "..\Project1\tm4c123gh6pm.h")
  #define GPIO_PORTC_AMSEL_R      (*((volatile uint32_t *)0x40006528))
..\Project1\DIO_Reg.h(58): warning:  #47-D: incompatible redefinition of macro "GPIO_PORTC_PCTL_R" (declared at line 245 of "..\Project1\tm4c123gh6pm.h")
  #define GPIO_PORTC_PCTL_R       (*((volatile uint32_t *)0x4000652C))
..\Project1\DIO_Reg.h(65): warning:  #47-D: incompatible redefinition of macro "GPIO_PORTD_DATA_R" (declared at line 255 of "..\Project1\tm4c123gh6pm.h")
  #define GPIO_PORTD_DATA_R       (*((volatile uint32_t *)0x400073FC))
..\Project1\DIO_Reg.h(66): warning:  #47-D: incompatible redefinition of macro "GPIO_PORTD_DIR_R" (declared at line 256 of "..\Project1\tm4c123gh6pm.h")
  #define GPIO_PORTD_DIR_R        (*((volatile uint32_t *)0x40007400))
..\Project1\DIO_Reg.h(67): warning:  #47-D: incompatible redefinition of macro "GPIO_PORTD_AFSEL_R" (declared at line 264 of "..\Project1\tm4c123gh6pm.h")
  #define GPIO_PORTD_AFSEL_R      (*((volatile uint32_t *)0x40007420))
..\Project1\DIO_Reg.h(68): warning:  #47-D: incompatible redefinition of macro "GPIO_PORTD_DEN_R" (declared at line 272 of "..\Project1\tm4c123gh6pm.h")
  #define GPIO_PORTD_DEN_R        (*((volatile uint32_t *)0x4000751C))
..\Project1\DIO_Reg.h(69): warning:  #47-D: incompatible redefinition of macro "GPIO_PORTD_PUR_R" (declared at line 269 of "..\Project1\tm4c123gh6pm.h")
  #define GPIO_PORTD_PUR_R        (*((volatile uint32_t *)0x40007510))
..\Project1\DIO_Reg.h(70): warning:  #47-D: incompatible redefinition of macro "GPIO_PORTD_PDR_R" (declared at line 270 of "..\Project1\tm4c123gh6pm.h")
  #define GPIO_PORTD_PDR_R        (*((volatile uint32_t *)0x40007514))
..\Project1\DIO_Reg.h(71): warning:  #47-D: incompatible redefinition of macro "GPIO_PORTD_LOCK_R" (declared at line 273 of "..\Project1\tm4c123gh6pm.h")
  #define GPIO_PORTD_LOCK_R       (*((volatile uint32_t *)0x40007520))
..\Project1\DIO_Reg.h(72): warning:  #47-D: incompatible redefinition of macro "GPIO_PORTD_CR_R" (declared at line 274 of "..\Project1\tm4c123gh6pm.h")
  #define GPIO_PORTD_CR_R         (*((volatile uint32_t *)0x40007524))
..\Project1\DIO_Reg.h(73): warning:  #47-D: incompatible redefinition of macro "GPIO_PORTD_AMSEL_R" (declared at line 275 of "..\Project1\tm4c123gh6pm.h")
  #define GPIO_PORTD_AMSEL_R      (*((volatile uint32_t *)0x40007528))
..\Project1\DIO_Reg.h(74): warning:  #47-D: incompatible redefinition of macro "GPIO_PORTD_PCTL_R" (declared at line 276 of "..\Project1\tm4c123gh6pm.h")
  #define GPIO_PORTD_PCTL_R       (*((volatile uint32_t *)0x4000752C))
..\Project1\DIO_Reg.h(81): warning:  #47-D: incompatible redefinition of macro "GPIO_PORTE_DATA_R" (declared at line 670 of "..\Project1\tm4c123gh6pm.h")
  #define GPIO_PORTE_DATA_R       (*((volatile uint32_t *)0x400243FC))
..\Project1\DIO_Reg.h(82): warning:  #47-D: incompatible redefinition of macro "GPIO_PORTE_DIR_R" (declared at line 671 of "..\Project1\tm4c123gh6pm.h")
  #define GPIO_PORTE_DIR_R        (*((volatile uint32_t *)0x40024400))
..\Project1\DIO_Reg.h(83): warning:  #47-D: incompatible redefinition of macro "GPIO_PORTE_AFSEL_R" (declared at line 679 of "..\Project1\tm4c123gh6pm.h")
  #define GPIO_PORTE_AFSEL_R      (*((volatile uint32_t *)0x40024420))
..\Project1\DIO_Reg.h(84): warning:  #47-D: incompatible redefinition of macro "GPIO_PORTE_DEN_R" (declared at line 687 of "..\Project1\tm4c123gh6pm.h")
  #define GPIO_PORTE_DEN_R        (*((volatile uint32_t *)0x4002451C))
..\Project1\DIO_Reg.h(85): warning:  #47-D: incompatible redefinition of macro "GPIO_PORTE_PUR_R" (declared at line 684 of "..\Project1\tm4c123gh6pm.h")
  #define GPIO_PORTE_PUR_R        (*((volatile uint32_t *)0x40024510))
..\Project1\DIO_Reg.h(86): warning:  #47-D: incompatible redefinition of macro "GPIO_PORTE_PDR_R" (declared at line 685 of "..\Project1\tm4c123gh6pm.h")
  #define GPIO_PORTE_PDR_R        (*((volatile uint32_t *)0x40024514))
..\Project1\DIO_Reg.h(87): warning:  #47-D: incompatible redefinition of macro "GPIO_PORTE_LOCK_R" (declared at line 688 of "..\Project1\tm4c123gh6pm.h")
  #define GPIO_PORTE_LOCK_R       (*((volatile uint32_t *)0x40024520))
..\Project1\DIO_Reg.h(88): warning:  #47-D: incompatible redefinition of macro "GPIO_PORTE_CR_R" (declared at line 689 of "..\Project1\tm4c123gh6pm.h")
  #define GPIO_PORTE_CR_R         (*((volatile uint32_t *)0x40024524))
..\Project1\DIO_Reg.h(89): warning:  #47-D: incompatible redefinition of macro "GPIO_PORTE_AMSEL_R" (declared at line 690 of "..\Project1\tm4c123gh6pm.h")
  #define GPIO_PORTE_AMSEL_R      (*((volatile uint32_t *)0x40024528))
..\Project1\DIO_Reg.h(90): warning:  #47-D: incompatible redefinition of macro "GPIO_PORTE_PCTL_R" (declared at line 691 of "..\Project1\tm4c123gh6pm.h")
  #define GPIO_PORTE_PCTL_R       (*((volatile uint32_t *)0x4002452C))
..\Project1\DIO_Reg.h(97): warning:  #47-D: incompatible redefinition of macro "GPIO_PORTF_DATA_R" (declared at line 701 of "..\Project1\tm4c123gh6pm.h")
  #define GPIO_PORTF_DATA_R       (*((volatile uint32_t *)0x400253FC))
..\Project1\DIO_Reg.h(98): warning:  #47-D: incompatible redefinition of macro "GPIO_PORTF_DIR_R" (declared at line 702 of "..\Project1\tm4c123gh6pm.h")
  #define GPIO_PORTF_DIR_R        (*((volatile uint32_t *)0x40025400))
..\Project1\DIO_Reg.h(99): warning:  #47-D: incompatible redefinition of macro "GPIO_PORTF_AFSEL_R" (declared at line 710 of "..\Project1\tm4c123gh6pm.h")
  #define GPIO_PORTF_AFSEL_R      (*((volatile uint32_t *)0x40025420))
..\Project1\DIO_Reg.h(100): warning:  #47-D: incompatible redefinition of macro "GPIO_PORTF_DEN_R" (declared at line 718 of "..\Project1\tm4c123gh6pm.h")
  #define GPIO_PORTF_DEN_R        (*((volatile uint32_t *)0x4002551C))
..\Project1\DIO_Reg.h(101): warning:  #47-D: incompatible redefinition of macro "GPIO_PORTF_PUR_R" (declared at line 715 of "..\Project1\tm4c123gh6pm.h")
  #define GPIO_PORTF_PUR_R        (*((volatile uint32_t *)0x40025510))
..\Project1\DIO_Reg.h(102): warning:  #47-D: incompatible redefinition of macro "GPIO_PORTF_PDR_R" (declared at line 716 of "..\Project1\tm4c123gh6pm.h")
  #define GPIO_PORTF_PDR_R        (*((volatile uint32_t *)0x40025514))
..\Project1\DIO_Reg.h(103): warning:  #47-D: incompatible redefinition of macro "GPIO_PORTF_LOCK_R" (declared at line 719 of "..\Project1\tm4c123gh6pm.h")
  #define GPIO_PORTF_LOCK_R       (*((volatile uint32_t *)0x40025520))
..\Project1\DIO_Reg.h(104): warning:  #47-D: incompatible redefinition of macro "GPIO_PORTF_CR_R" (declared at line 720 of "..\Project1\tm4c123gh6pm.h")
  #define GPIO_PORTF_CR_R         (*((volatile uint32_t *)0x40025524))
..\Project1\DIO_Reg.h(105): warning:  #47-D: incompatible redefinition of macro "GPIO_PORTF_AMSEL_R" (declared at line 721 of "..\Project1\tm4c123gh6pm.h")
  #define GPIO_PORTF_AMSEL_R      (*((volatile uint32_t *)0x40025528))
..\Project1\DIO_Reg.h(106): warning:  #47-D: incompatible redefinition of macro "GPIO_PORTF_PCTL_R" (declared at line 722 of "..\Project1\tm4c123gh6pm.h")
  #define GPIO_PORTF_PCTL_R       (*((volatile uint32_t *)0x4002552C))
..\Project1\DIO_Reg.h(108): warning:  #1-D: last line of file ends without a newline
  #endif
..\Project1\DIO.c(240): warning:  #111-D: statement is unreachable
                     break;
..\Project1\DIO.c(244): warning:  #111-D: statement is unreachable
                          break;
..\Project1\DIO.c(248): warning:  #111-D: statement is unreachable
                        break;
..\Project1\DIO.c(252): warning:  #111-D: statement is unreachable
                        break;
..\Project1\DIO.c(256): warning:  #111-D: statement is unreachable
                        break;                                  
..\Project1\DIO.c(260): warning:  #111-D: statement is unreachable
                        break;                                  
..\Project1\DIO.c(262): warning:  #940-D: missing return statement at end of non-void function "DIO_ReadPort"
  }
..\Project1\DIO.c: 72 warnings, 0 errors
compiling LCD.c...
..\Project1\STD_TYPES.h(8): warning:  #1-D: last line of file ends without a newline
  #endif /* STD_TYPES_H_ */
..\Project1\DIO.h(46): warning:  #1-D: last line of file ends without a newline
  #endif /* DIO_INT_H_ */
..\Project1\LCD.h(7): warning:  #1295-D: Deprecated declaration LCD_Init - give arg types
  void LCD_Init();
..\Project1\LCD.h(13): warning:  #1-D: last line of file ends without a newline
  #endif
..\Project1\DIO_Reg.h(108): warning:  #1-D: last line of file ends without a newline
  #endif
..\Project1\Delay.h(11): warning:  #1-D: last line of file ends without a newline
  #endif
..\Project1\LCD_Config.h(26): warning:  #1-D: last line of file ends without a newline
  #endif
..\Project1\LCD.c(51): warning:  #1-D: last line of file ends without a newline
  }
..\Project1\LCD.c: 8 warnings, 0 errors
compiling SevSegments.c...
..\Project1\STD_TYPES.h(8): warning:  #1-D: last line of file ends without a newline
  #endif /* STD_TYPES_H_ */
..\Project1\DIO.h(46): warning:  #1-D: last line of file ends without a newline
  #endif /* DIO_INT_H_ */
..\Project1\SevSegments.h(10): warning:  #1-D: last line of file ends without a newline
  #endif /* SEVSEGMENTS_H_ */
..\Project1\SevSegments_config.h(35): warning:  #1-D: last line of file ends without a newline
  #endif /* SEVSEGMENTS_CONFIG_H_ */
..\Project1\SevSegments.c(170): warning:  #1-D: last line of file ends without a newline
  }
..\Project1\SevSegments.c: 5 warnings, 0 errors
linking...
Program Size: Code=3136 RO-data=32 RW-data=12 ZI-data=1124  
".\IO.axf" - 0 Error(s), 97 Warning(s).
Load "C:\\Users\\Abdelrahman Al-Wali\\Desktop\\Project1\\IO.axf" 
Connecting: Mode=JTAG, Speed=1000000Hz
Erase Done.
Programming Done.
Verify OK.
</pre>
</body>
</html>
  -  Could not load file 'C:\Users\Abdelrahman Al-Wali\Desktop\Project1\IO.axf'
Load "C:\\Users\\Abdelrahman Al-Wali\\Desktop\\Project1\\IO.axf" 
_____^
*** error 56: cannot open file
Error: Flash Download failed  -  Could not load file 'C:\Users\Abdelrahman Al-Wali\Desktop\Project1\IO.axf'
6 RW-data=0 ZI-data=1120  
".\IO.axf" - 0 Error(s), 101 Warning(s).
